390 player-daily-quiz question
390 player-daily-quiz answered
390 player-daily-challenge instructions
390 player-level-up-overlay earned
390 player-daily-challenge done
390 player-coach-advice failure
390 player-coach-advice mocked-retry
390 player-team-announcements audience-filter
390 player-team-announcements link-return
390 player-routine-check-in selected
390 player-routine-challenge challenge
390 player-routine-quiz question
390 player-routine-quiz answer-feedback
390 player-routine-completion done
390 player-learn-articles filtered
390 player-learn-articles filter-controls
390 player-article-detail expanded
390 player-article-detail read
390 player-learn-programs list
390 player-program-detail overview
390 player-program-workout day-one
390 player-workout-rating optional-rating
390 player-workout-completion day-saved
390 player-learn-exercises empty-search
390 player-learn-exercises filtered-library
390 player-exercise-detail-dialog instructions
390 player-exercise-detail-dialog saved-done
390 player-custom-drill-dialog validation
390 player-custom-drill-dialog filled
390 player-exercise-library standalone-library
390 player-challenges-daily expanded
390 player-challenges-daily completed
390 player-challenges-weekly incremented
390 player-challenges-special tracks
390 player-challenge-track-detail started
390 player-friends-leaderboard populated
390 player-friend-invite generated-copied
390 player-friend-join linked
390 player-social-challenges populated
390 player-social-challenges progress-logged
390 player-social-challenge-create retained-failure
390 player-social-challenge-create retry-success
390 player-social-challenge-join retained-failure
390 player-social-challenge-join retry-success
390 player-workout-rating final-day-rating
390 player-workout-completion program-complete
390 player-challenge-track-detail progress-29-of-30
390 player-challenge-track-detail track-complete
1440 player-daily-quiz question
1440 player-daily-quiz answered
1440 player-daily-challenge instructions
1440 player-level-up-overlay earned
1440 player-daily-challenge done
1440 player-coach-advice failure
1440 player-coach-advice mocked-retry
1440 player-team-announcements audience-filter
1440 player-team-announcements link-return
1440 player-routine-check-in selected
1440 player-routine-challenge challenge
1440 player-routine-quiz question
1440 player-routine-quiz answer-feedback
1440 player-routine-completion done
1440 player-learn-articles filtered
1440 player-learn-articles filter-controls
1440 player-article-detail expanded
1440 player-article-detail read
1440 player-learn-programs list
1440 player-program-detail overview
1440 player-program-workout day-one
1440 player-workout-rating optional-rating
1440 player-workout-completion day-saved
1440 player-learn-exercises empty-search
1440 player-learn-exercises filtered-library
1440 player-exercise-detail-dialog instructions
1440 player-exercise-detail-dialog saved-done
1440 player-custom-drill-dialog validation
1440 player-custom-drill-dialog filled
1440 player-exercise-library standalone-library
1440 player-challenges-daily expanded
1440 player-challenges-daily completed
1440 player-challenges-weekly incremented
1440 player-challenges-special tracks
1440 player-challenge-track-detail started
1440 player-friends-leaderboard populated
1440 player-friend-invite generated-copied
1440 player-friend-join linked
1440 player-social-challenges populated
1440 player-social-challenges progress-logged
1440 player-social-challenge-create retained-failure
1440 player-social-challenge-create retry-success
1440 player-social-challenge-join retained-failure
1440 player-social-challenge-join retry-success
1440 player-workout-rating final-day-rating
1440 player-workout-completion program-complete
1440 player-challenge-track-detail progress-29-of-30
1440 player-challenge-track-detail track-complete
{"complete":["player-daily-quiz","player-daily-challenge","player-coach-advice","player-team-announcements","player-routine-check-in","player-routine-challenge","player-routine-quiz","player-routine-completion","player-level-up-overlay","player-learn-articles","player-article-detail","player-learn-programs","player-program-detail","player-program-workout","player-workout-rating","player-workout-completion","player-learn-exercises","player-exercise-library","player-exercise-detail-dialog","player-custom-drill-dialog","player-challenges-daily","player-challenges-weekly","player-challenges-special","player-challenge-track-detail","player-friends-leaderboard","player-friend-invite","player-friend-join","player-social-challenges","player-social-challenge-create","player-social-challenge-join"],"remaining":[],"failures":[]}
