CAPTURE player-physical-reminder-dialog 390 primary
CAPTURE player-progress 390 primary
CAPTURE player-progress-chart-detail 390 primary
CAPTURE player-progress-match-detail 390 primary
CAPTURE player-skill-history 390 primary
CAPTURE player-physical-history 390 primary
CAPTURE player-wellbeing-patterns 390 primary
CAPTURE player-profile 390 primary
CAPTURE player-personal-goals 390 primary
CAPTURE player-profile-physical-history 390 primary
CAPTURE player-profile-measurement-dialog 390 primary
CAPTURE player-tracked-fields-dialog 390 primary
CAPTURE player-physical-reminder-dialog 1440 primary
CAPTURE player-progress 1440 primary
CAPTURE player-progress-chart-detail 1440 primary
CAPTURE player-progress-match-detail 1440 primary
CAPTURE player-skill-history 1440 primary
CAPTURE player-physical-history 1440 primary
CAPTURE player-wellbeing-patterns 1440 primary
CAPTURE player-profile 1440 primary
CAPTURE player-personal-goals 1440 primary
CAPTURE player-profile-physical-history 1440 primary
CAPTURE player-profile-measurement-dialog 1440 primary
CAPTURE player-tracked-fields-dialog 1440 primary
CAPTURE coach-home-squad-filter 390 primary
CAPTURE coach-announcement-composer 390 primary
CAPTURE coach-team-challenge-create 390 primary
CAPTURE coach-statistics 390 primary
CAPTURE coach-statistics-squad-filter 390 primary
CAPTURE coach-profile 390 primary
CAPTURE coach-photo-controls 390 retained-failure
CAPTURE coach-photo-controls 390 primary
CAPTURE coach-home-squad-filter 1440 primary
CAPTURE coach-announcement-composer 1440 primary
CAPTURE coach-team-challenge-create 1440 primary
CAPTURE coach-statistics 1440 primary
CAPTURE coach-statistics-squad-filter 1440 primary
CAPTURE coach-profile 1440 primary
CAPTURE coach-photo-controls 1440 retained-failure
CAPTURE coach-photo-controls 1440 primary
CAPTURE mentor-team-announcements 390 primary
CAPTURE mentor-wellbeing-patterns 390 primary
CAPTURE mentor-check-in-trends 390 primary
CAPTURE mentor-progress 390 primary
CAPTURE mentor-progress-chart-detail 390 primary
CAPTURE mentor-skill-history 390 primary
CAPTURE mentor-physical-history 390 primary
CAPTURE mentor-progress-wellbeing 390 primary
CAPTURE mentor-profile 390 primary
CAPTURE mentor-photo-controls 390 retained-failure
CAPTURE mentor-photo-controls 390 primary
CAPTURE mentor-team-announcements 1440 primary
CAPTURE mentor-wellbeing-patterns 1440 primary
CAPTURE mentor-check-in-trends 1440 primary
CAPTURE mentor-progress 1440 primary
CAPTURE mentor-progress-chart-detail 1440 primary
CAPTURE mentor-skill-history 1440 primary
CAPTURE mentor-physical-history 1440 primary
CAPTURE mentor-progress-wellbeing 1440 primary
CAPTURE mentor-profile 1440 primary
CAPTURE mentor-photo-controls 1440 retained-failure
CAPTURE mentor-photo-controls 1440 primary
CAPTURE player-evaluation-history 390 primary
CAPTURE player-evaluation-detail 390 primary
CAPTURE player-evaluation-history 1440 primary
CAPTURE player-evaluation-detail 1440 primary
CAPTURE mentor-evaluation-history 390 primary
CAPTURE mentor-evaluation-detail 390 primary
CAPTURE mentor-evaluation-history 1440 primary
CAPTURE mentor-evaluation-detail 1440 primary
{"completed":["player-progress","player-progress-chart-detail","player-progress-match-detail","player-skill-history","player-evaluation-history","player-evaluation-detail","player-physical-history","player-wellbeing-patterns","player-profile","player-personal-goals","player-profile-physical-history","player-profile-measurement-dialog","player-tracked-fields-dialog","player-physical-reminder-dialog","coach-home-squad-filter","coach-announcement-composer","coach-team-challenge-create","coach-statistics","coach-statistics-squad-filter","coach-profile","coach-photo-controls","mentor-check-in-trends","mentor-wellbeing-patterns","mentor-team-announcements","mentor-progress","mentor-progress-chart-detail","mentor-skill-history","mentor-evaluation-history","mentor-evaluation-detail","mentor-physical-history","mentor-progress-wellbeing","mentor-profile","mentor-photo-controls"],"unfinished":[],"failures":[]}
