START visitor-390
DONE visitor-390
START player-390
DONE player-390
START coach-390
DONE coach-390
START mentor-390
DONE mentor-390
START onboarding-player-390
DONE onboarding-player-390
START onboarding-mentor-390
DONE onboarding-mentor-390
START visitor-1440
DONE visitor-1440
START player-1440
DONE player-1440
START coach-1440
DONE coach-1440
START mentor-1440
DONE mentor-1440
START onboarding-player-1440
DONE onboarding-player-1440
START onboarding-mentor-1440
DONE onboarding-mentor-1440
{"observations":76,"unfinished":[],"errors":[],"conflicts":0}
