
> golazo@0.1.0 build
> tsc --noEmit && vite build

[36mvite v8.2.1 [32mbuilding client environment for production...[36m[39m
[2K
transforming...✓ 725 modules transformed.
rendering chunks...
computing gzip size...
dist/index.html                                 1.66 kB │ gzip:   0.68 kB
dist/assets/index-Cc0F9ofT.css                 55.59 kB │ gzip:  11.49 kB
dist/assets/dateFormat-B4PCadCD.js              0.15 kB │ gzip:   0.15 kB
dist/assets/rolldown-runtime-hePW80VL.js        0.71 kB │ gzip:   0.42 kB
dist/assets/AcademySaved-BOFjiFJG.js            1.06 kB │ gzip:   0.55 kB
dist/assets/TrainingProgress-WZuVFQD_.js        1.07 kB │ gzip:   0.43 kB
dist/assets/AcademyPage-PxR7cSvk.js             1.07 kB │ gzip:   0.53 kB
dist/assets/CoachStatsPage-Cn2wkhX3.js          1.18 kB │ gzip:   0.54 kB
dist/assets/CoachSquadFilter-D6oKvW7c.js        1.18 kB │ gzip:   0.57 kB
dist/assets/AcademyDialog-NMkh3tWU.js           1.19 kB │ gzip:   0.65 kB
dist/assets/SquadSaveStatus-CrlxLKkM.js         1.23 kB │ gzip:   0.66 kB
dist/assets/AnnouncementFeed-pNpzdlDT.js        2.03 kB │ gzip:   1.03 kB
dist/assets/CoachDashboard-Byh4FYa_.js          2.80 kB │ gzip:   1.11 kB
dist/assets/PhysicalUpdateFlow-CzW0qpdX.js      3.04 kB │ gzip:   1.40 kB
dist/assets/ActivityRecordDialog-P8LXH7gg.js    3.93 kB │ gzip:   1.12 kB
dist/assets/AttendanceGrid-BLGFZfSB.js          4.93 kB │ gzip:   2.03 kB
dist/assets/SettingsPage-c8w79iIQ.js            5.13 kB │ gzip:   1.85 kB
dist/assets/DiaryPage-DkpXvnza.js               5.17 kB │ gzip:   2.03 kB
dist/assets/SquadRoster-C4HvStRS.js             5.19 kB │ gzip:   1.61 kB
dist/assets/TrainingPlanner-BzEPkw__.js         5.65 kB │ gzip:   1.86 kB
dist/assets/TeamChallenges-D8GePQx_.js          6.16 kB │ gzip:   1.75 kB
dist/assets/AnnouncementsPage-DeXlGolT.js       6.29 kB │ gzip:   2.13 kB
dist/assets/TrainingLog-OfiKhyfn.js             6.71 kB │ gzip:   2.26 kB
dist/assets/footballStandards-HFMLq1HR.js       7.71 kB │ gzip:   3.10 kB
dist/assets/EvaluationPage-DfoyCLTL.js          7.85 kB │ gzip:   2.27 kB
dist/assets/MatchLog-UkD8wR3m.js                8.27 kB │ gzip:   2.62 kB
dist/assets/Challenges-DMGOuZwe.js              9.08 kB │ gzip:   2.81 kB
dist/assets/exercises-Ux6N0XSa.js               9.55 kB │ gzip:   1.37 kB
dist/assets/LeaderboardPage-AWj4lwfh.js         9.57 kB │ gzip:   2.85 kB
dist/assets/LogPage-CqiOxZBS.js                10.74 kB │ gzip:   3.74 kB
dist/assets/MentorDashboard-fkIwOPeo.js        11.12 kB │ gzip:   3.34 kB
dist/assets/TournamentImport-zT8ADW7e.js       12.08 kB │ gzip:   3.75 kB
dist/assets/AppContext-nCvzOMgv.js             12.80 kB │ gzip:   4.60 kB
dist/assets/Exercises-Dm_05lus.js              16.52 kB │ gzip:   4.48 kB
dist/assets/challenges-BkSjQTpn.js             20.33 kB │ gzip:   3.47 kB
dist/assets/FootballPortal-DT3jxoam.js         23.61 kB │ gzip:   5.35 kB
dist/assets/SchedulePage-qqgG0LM-.js           25.22 kB │ gzip:   6.25 kB
dist/assets/LearnPage-NWiefBEc.js              27.24 kB │ gzip:   5.95 kB
dist/assets/ProgressPage-CP6lII-G.js           27.80 kB │ gzip:   6.26 kB
dist/assets/Profile-BMkVD-BV.js                28.56 kB │ gzip:   8.48 kB
dist/assets/i18n-CRPEYGxM.js                   45.66 kB │ gzip:  14.75 kB
dist/assets/Dashboard-Bp5QoVQI.js              87.04 kB │ gzip:  29.26 kB
dist/assets/react-Clpx-5N5.js                 182.11 kB │ gzip:  57.30 kB
dist/assets/charts-BAHzxo24.js                396.86 kB │ gzip: 104.27 kB
dist/assets/index-CkKj9bH1.js                 927.50 kB │ gzip: 294.69 kB

[INEFFECTIVE_DYNAMIC_IMPORT] src/components/TeamPicker.tsx is dynamically imported by src/App.tsx but also statically imported by src/pages/OnboardingPage.tsx, src/pages/Profile.tsx, dynamic import will not move module into another chunk.

[plugin builtin:vite-reporter] 
(!) Some chunks are larger than 500 kB after minification. Consider:
- Using dynamic import() to code-split the application
- Use build.rolldownOptions.output.codeSplitting to improve chunking: https://rolldown.rs/reference/OutputOptions.codeSplitting
- Adjust chunk size limit for this warning via build.chunkSizeWarningLimit.
[32m✓ built in 5.11s[39m
[PLUGIN_TIMINGS] Your build spent 28% of 5.1s inside plugin hooks (1.4s).
Measured inside the callback, so queue time is excluded and time the callback itself awaited is not:
  - @tailwindcss/vite:generate:build transform (20%, 1.0s, 1 call)
See https://rolldown.rs/reference/InputOptions.checks#plugintimings for more details.

